Microsoft Windows [Version 5.2.3790]
(C) Copyright 1985-2003 Microsoft Corp.

C:\Documents and Settings\Administrator>cd\

C:\>cd ldnbenchmark

C:\ldnbenchmark>cd disk

C:\ldnbenchmark\disk>runall.bat

C:\ldnbenchmark\disk>rem this batch file executes all the disk benchmarks in ord
er twice

C:\ldnbenchmark\disk>rem author: amit vasudevan (amitvasudevan@acm.org)

C:\ldnbenchmark\disk>rem note: you need at least 4GB of free disk space on the p
artition you

C:\ldnbenchmark\disk>rem are attempting to run this on

C:\ldnbenchmark\disk>echo Run-1 for all benchmarks...
Run-1 for all benchmarks...

C:\ldnbenchmark\disk>rem tar

C:\ldnbenchmark\disk>echo Running tar benchmark...
Running tar benchmark...

C:\ldnbenchmark\disk>echo 16:07:40.25
16:07:40.25

C:\ldnbenchmark\disk>cd tar

C:\ldnbenchmark\disk\tar>tar -cf win.tar c:\windows
tar: Removing leading `c:\' from member names
cygwin warning:
  MS-DOS style path detected: c:\windows
  Preferred POSIX equivalent is: /cygdrive/c/windows
  CYGWIN environment variable option "nodosfilewarning" turns off this warning.
  Consult the user's guide for more details about POSIX paths:
    http://cygwin.com/cygwin-ug-net/using.html#using-pathnames
tar: c\:\\windows/system32/config/system.LOG: Cannot open: Device or resource bu
sy
tar: c\:\\windows/system32/config/software.LOG: Cannot open: Device or resource
busy
tar: c\:\\windows/system32/config/default.LOG: Cannot open: Device or resource b
usy
tar: c\:\\windows/system32/config/SECURITY: Cannot open: Device or resource busy

tar: c\:\\windows/system32/config/SAM: Cannot open: Device or resource busy
tar: c\:\\windows/system32/config/SECURITY.LOG: Cannot open: Device or resource
busy
tar: c\:\\windows/system32/config/SAM.LOG: Cannot open: Device or resource busy
tar: c\:\\windows/system32/config/SOFTWARE: Cannot open: Device or resource busy

tar: c\:\\windows/system32/config/DEFAULT: Cannot open: Device or resource busy
tar: c\:\\windows/system32/config/SYSTEM: Cannot open: Device or resource busy
tar: c\:\\windows/system32/CatRoot2/{F750E6C3-38EE-11D1-85E5-00C04FC295EE}/catdb
: Cannot open: Device or resource busy
tar: c\:\\windows/system32/CatRoot2/edb.log: Cannot open: Device or resource bus
y
tar: c\:\\windows/system32/CatRoot2/tmp.edb: Cannot open: Device or resource bus
y
tar: c\:\\windows/SoftwareDistribution/DataStore/Logs/edb.log: Cannot open: Devi
ce or resource busy
tar: c\:\\windows/SoftwareDistribution/DataStore/Logs/tmp.edb: Cannot open: Devi
ce or resource busy
tar: c\:\\windows/SoftwareDistribution/DataStore/DataStore.edb: Cannot open: Dev
ice or resource busy
tar: Exiting with failure status due to previous errors

C:\ldnbenchmark\disk\tar>echo 16:08:44.17
16:08:44.17

C:\ldnbenchmark\disk\tar>del win.tar

C:\ldnbenchmark\disk\tar>cd ..

C:\ldnbenchmark\disk>rem bonnie

C:\ldnbenchmark\disk>echo Running bonnie benchmark...
Running bonnie benchmark...

C:\ldnbenchmark\disk>echo y   | del temp\*.*
C:\ldnbenchmark\disk\temp\*.*, Are you sure (Y/N)? y

C:\ldnbenchmark\disk>echo 16:08:44.32
16:08:44.32

C:\ldnbenchmark\disk>cd bonnie

C:\ldnbenchmark\disk\bonnie>bonnie++ -d ..\temp\. -u 0 -s 1024 -r 512
cygwin warning:
  MS-DOS style path detected: ..\temp\.
  Preferred POSIX equivalent is: ../temp/.
  CYGWIN environment variable option "nodosfilewarning" turns off this warning.
  Consult the user's guide for more details about POSIX paths:
    http://cygwin.com/cygwin-ug-net/using.html#using-pathnames
Using uid:0, gid:0.
Writing with putc()...done
Writing intelligently...done
Rewriting...done
Reading with getc()...done
Reading intelligently...done
start 'em...done...done...done...
Create files in sequential order...done.
Stat files in sequential order...done.
Delete files in sequential order...done.
Create files in random order...done.
Stat files in random order...done.
Delete files in random order...done.
Version 1.03e       ------Sequential Output------ --Sequential Input- --Random-
                    -Per Chr- --Block-- -Rewrite- -Per Chr- --Block-- --Seeks--
Machine        Size K/sec %CP K/sec %CP K/sec %CP K/sec %CP K/sec %CP  /sec %CP
vtdemolaptop     1G  6594  99 198556  12 96420   8  4315  99 +++++ +++ +++++ +++

                    ------Sequential Create------ --------Random Create--------
                    -Create-- --Read--- -Delete-- -Create-- --Read--- -Delete--
              files  /sec %CP  /sec %CP  /sec %CP  /sec %CP  /sec %CP  /sec %CP
                 16   172  99  1147  99  4262  99   193  99  1156  99  1771  99
vtdemolaptop,1G,6594,99,198556,12,96420,8,4315,99,+++++,+++,+++++,+++,16,172,99,
1147,99,4262,99,193,99,1156,99,1771,99

C:\ldnbenchmark\disk\bonnie>echo 16:19:31.70
16:19:31.70

C:\ldnbenchmark\disk\bonnie>cd ..

C:\ldnbenchmark\disk>echo y   | del temp\*.*
C:\ldnbenchmark\disk\temp\*.*, Are you sure (Y/N)? y

C:\ldnbenchmark\disk>rem postmark

C:\ldnbenchmark\disk>echo Running postmark benchmark...
Running postmark benchmark...

C:\ldnbenchmark\disk>echo y   | del temp\*.*
C:\ldnbenchmark\disk\temp\*.*, Are you sure (Y/N)? y

C:\ldnbenchmark\disk>echo 16:19:31.70
16:19:31.70

C:\ldnbenchmark\disk>cd postmark

C:\ldnbenchmark\disk\postmark>postmark_151  0<pbench.pm
PostMark v1.51 : 8/14/01
pm>pm>pm>pm>Creating files...Done
Performing transactions..........Done
Deleting files...Done
Time:
        44 seconds total
        17 seconds of transactions (0 per second)

Files:
        45093 created (1024 per second)
                Creation alone: 20000 files (2000 per second)
                Mixed with transactions: 25093 files (1476 per second)
        24789 read (1458 per second)
        25184 appended (1481 per second)
        45093 deleted (1024 per second)
                Deletion alone: 20186 files (1187 per second)
                Mixed with transactions: 24907 files (1465 per second)

Data:
        144.06 megabytes read (3.27 megabytes per second)
        271.87 megabytes written (6.18 megabytes per second)
pm>
C:\ldnbenchmark\disk\postmark>echo 16:20:15.59
16:20:15.59

C:\ldnbenchmark\disk\postmark>cd ..

C:\ldnbenchmark\disk>echo y   | del temp\*.*
C:\ldnbenchmark\disk\temp\*.*, Are you sure (Y/N)? y

C:\ldnbenchmark\disk>rem iozone

C:\ldnbenchmark\disk>echo Running iozone benchmark...
Running iozone benchmark...

C:\ldnbenchmark\disk>echo y   | del temp\*.*
C:\ldnbenchmark\disk\temp\*.*, Are you sure (Y/N)? y

C:\ldnbenchmark\disk>echo 16:20:15.60
16:20:15.60

C:\ldnbenchmark\disk>cd iozone

C:\ldnbenchmark\disk\iozone>iozone -Ra -g 1G -i 0 -i 1
        Iozone: Performance Test of File I/O
                Version $Revision: 3.353 $
                Compiled for 32 bit mode.
                Build: Windows

        Contributors:William Norcott, Don Capps, Isom Crawford, Kirby Collins
                     Al Slater, Scott Rhine, Mike Wisner, Ken Goss
                     Steve Landherr, Brad Smith, Mark Kelly, Dr. Alain CYR,
                     Randy Dunlap, Mark Montague, Dan Million, Gavin Brebner,
                     Jean-Marc Zucconi, Jeff Blomberg, Benny Halevy, Dave Boone,

                     Erik Habbinga, Kris Strecker, Walter Wong, Joshua Root,
                     Fabrice Bacchella, Zhenghua Xue, Qin Li.

        Run began: Wed Nov 10 16:20:15 2010

        Excel chart generation enabled
        Auto Mode
        Using maximum file size of 1048576 kilobytes.
        Command line used: iozone -Ra -g 1G -i 0 -i 1
        Output is in Kbytes/sec
        Time Resolution = 0.000002 seconds.
        Processor cache size set to 1024 Kbytes.
        Processor cache line size set to 32 bytes.
        File stride size set to 17 * record size.
                                                            random  random    bk
wd   record   stride
              KB  reclen   write rewrite    read    reread    read   write    re
ad  rewrite     read   fwrite frewrite   fread  freread
              64       4  669856  987460  1431817  3471073

              64       8  567056 1272727  3014353  5327694

              64      16  724971 1388429  2386363  6942147

              64      32  803827 1478005  3818181  4165288

              64      64 1090908 1803865  3882896  5090908

             128       4 1020449 1262208  2000793  2192257

             128       8 1142597 1558441  2793791  6028707

             128      16 1145454 1574507  4127763  5950412

             128      32 1193181 1742135  4203502  6942147

             128      64 1294298  851638  5587582  9545453

             128     128 1810995 1803865  8484847 11175164

             256       4 1405465 1563760  2687283  3802338

             256       8 1436306 1945570  2975206  4019138

             256      16 1814581 2050030  3834156  6688784

             256      32 1949709 1970674  4651591  8038276

             256      64 1921097 2538403  5390373  9350648

             256     128 2131077 2240497  6640315 11175164

             256     256 3014353 2719179  9256197 10413221

             512       4 1720870 1696969  2527899  4001587

             512       8  766831 2143540  3296271  6150090

             512      16 2679425 2675513  4395028  6088794

             512      32 2781072 2913715  4699300  9163635

             512      64 2913715 2890736  4913477 10472725

             512     128  643965 2755980  5536939 11383397

             512     256 2629450 3477660  6276462 10413221

             512     512  199534  198777 10014901 10655389

            1024       4 2004075 1997522  2913715  4072726

            1024       8 2550768 2561463  3911904  5647849

            1024      16 2870363 3026799  4405593  6713285

            1024      32 3432073 3329204  4980236  8504533

            1024      64 3551796 3500911  5570598 11007369

            1024     128 3467790 3124854  5587582 11786025

            1024     256 3464512 3296271  5266457 10563268

            1024     512  214128  212971  6533786 10812548

            1024    1024  151734  153520  9906632 10941653

            2048       4 2006269 2131077  2671613  3995045

            2048       8 2767424 2927678  3375187  6048604

            2048      16 3259630 3567351  4079525  7457688

            2048      32 3685725 3977703  4456479  9186601

            2048      64 3788583 4056949  4906899 10413221

            2048     128 3623780 3790541  4738790 10702055

            2048     256 2201473 4130089  4726568  9129399

            2048     512  225448  224447  5080324  8644938

            2048    1024  156804  155817  6223181  7581083

            2048    2048  132832  133233  4564699  4720481

            4096       4 2038628 2095742  2501162  2623803

            4096       8 2731336 2870925  3170808  3401024

            4096      16 3069251 3457975  3649033  3904611

            4096      32 3649941 3872640  4008150  4262155

            4096      64 3868553 4126601  4158200  4398984

            4096     128 3750784 3955170  4054705  4043523

            4096     256 3258905 3999404  3964796  4259679

            4096     512  190554  227997  4144097  4418871

            4096    1024  157833  157327  4353270  4625178

            4096    2048  136115  135593  3061561  3374411

            4096    4096  126531  124908  3077627  3253842

            8192       4 1905245 2044313  2439773  2471023

            8192       8 2580170 2674781  3117214  3163965

            8192      16 3069894 3244123  3522358  3587866

            8192      32 3420064 3640426  3759922  3900456

            8192      64 3619307 3828650  3924469  3958373

            8192     128 3586549 3802338  3896310  3987982

            8192     256 2656126 3899937  3758958  3830650

            8192     512  229668  231377  3823657  3941878

            8192    1024  152398  153233  3948247  4011989

            8192    2048  134749  133290  3078919  3134876

            8192    4096  126352  126926  2862238  2683348

            8192    8192  123025  123432  2914294  2752875

           16384       4 1918583 1981058  2380938  2427051

           16384       8 2490541 2621692  3064440  3116220

           16384      16 2950657 3140247  3469841  3511391

           16384      32 3303885 3481169  3732166  3752944

           16384      64 3500075 3719856  3836414  3854568

           16384     128 3514969 3721509  3737875  3809500

           16384     256 3618191 3829900  3617521  3716792

           16384     512  118405  129283  3718677  3763299

           16384    1024  138773  138719  3739782  3808758

           16384    2048   97202  123814  2997560  2807835

           16384    4096  126352   87307  2699653  2810526

           16384    8192  124619  122982  2598576  2610722

           16384   16384  124557  124057  2642721  2672100

           32768      64 3441034 3653466  3771407  3796799

           32768     128 3483547 3669123  3698626  3734780

           32768     256 3577252 3775534  3613732  3627591

           32768     512  102480   99464  3667861  3674640

           32768    1024   78488  112073  3649941  3609173

           32768    2048  106081   95742  2916541  2779425

           32768    4096  108325  102664  2685252  2572361

           32768    8192  101711  101739  2788080  2594896

           32768   16384  107727  107706  2787285  2799659

           65536      64 3402849 3617075  3746710  3765172

           65536     128 3388105 3641443  3697984  3718382

           65536     256 3484582 3752884  3590007  3594298

           65536     512   55167   86856  3627927  3639070

           65536    1024   74236   80287  3626974  3641160

           65536    2048   99659  100928  2952551  2946580

           65536    4096  103043  100440  2691321  2708442

           65536    8192  100179   97684  2674781  2773084

           65536   16384   97247   96049  2675300  2772133

          131072      64 3378833 3371549  3731098  3749735

          131072     128 3368959 3626329  3691845  3698159

          131072     256 3488027 3740885  3570990  3578152

          131072     512   51097   50765  3609395  3614038

          131072    1024   68433   74596  3597853  3610979

          131072    2048   68756   75356  2866277  2940836

          131072    4096   80100   96494  2685160  2752068

          131072    8192   98801   97572  2689408  2756369

          131072   16384   99096   97915  2660991  2764619

          262144      64 3377350 3594325  3724936  3731602

          262144     128 2500176 3608840  3670658  3676757

          262144     256 1863452 3729970  3566551  3569414

          262144     512   52602   52084  3591698  3596461

          262144    1024   63044   66933  3595703  3594022

          262144    2048   79457   78270  2891386  2927532

          262144    4096   74666   77605  2748006  2749504

          262144    8192   91630   92705  2751858  2751108

          262144   16384   95859   95860  2718596  2759351

          524288      64 3386944 3564174  3700675  3698903

          524288     128 2544508 3565284  3648097  3645758

          524288     256 2872375 3696680  3547305  3547841

          524288     512   46342   49221  3584364  3585878

          524288    1024   64186   63283  3583461  3581491

          524288    2048   75639   76005  2909347  2926263

          524288    4096   83052   79105  2728691  2745449

          524288    8192   89687   90332  2749073  2748255

          524288   16384   92606   93431  2719754  2755644

         1048576      64  212422  136373  3640503  3640793

         1048576     128  101242  103432  3577324  3580972

         1048576     256  223659   98927  3518498  3523062

         1048576     512   47157   46443  3564902  3567738

         1048576    1024   61092   60679  3566795  3568756

         1048576    2048   70767   71000  2924569  2921296

         1048576    4096   80251   81390  2732404  2738195

         1048576    8192   85857   87473  2744205  2748604

         1048576   16384   89762   90135  2755189  2753344


iozone test complete.
Excel output is below:

"Writer report"
        "4"  "8"  "16"  "32"  "64"  "128"  "256"  "512"  "1024"  "2048"  "4096"
 "8192"  "16384"
"64"   669856  567056  724971  803827  1090908
"128"   1020449  1142597  1145454  1193181  1294298  1810995
"256"   1405465  1436306  1814581  1949709  1921097  2131077  3014353
"512"   1720870  766831  2679425  2781072  2913715  643965  2629450  199534
"1024"   2004075  2550768  2870363  3432073  3551796  3467790  3464512  214128
151734
"2048"   2006269  2767424  3259630  3685725  3788583  3623780  2201473  225448
156804  132832
"4096"   2038628  2731336  3069251  3649941  3868553  3750784  3258905  190554
157833  136115  126531
"8192"   1905245  2580170  3069894  3420064  3619307  3586549  2656126  229668
152398  134749  126352  123025
"16384"   1918583  2490541  2950657  3303885  3500075  3514969  3618191  118405
 138773  97202  126352  124619  124557
"32768"   0  0  0  0  3441034  3483547  3577252  102480  78488  106081  108325
101711  107727
"65536"   0  0  0  0  3402849  3388105  3484582  55167  74236  99659  103043  10
0179  97247
"131072"   0  0  0  0  3378833  3368959  3488027  51097  68433  68756  80100  98
801  99096
"262144"   0  0  0  0  3377350  2500176  1863452  52602  63044  79457  74666  91
630  95859
"524288"   0  0  0  0  3386944  2544508  2872375  46342  64186  75639  83052  89
687  92606
"1048576"   0  0  0  0  212422  101242  223659  47157  61092  70767  80251  8585
7  89762

"Re-writer report"
        "4"  "8"  "16"  "32"  "64"  "128"  "256"  "512"  "1024"  "2048"  "4096"
 "8192"  "16384"
"64"   987460  1272727  1388429  1478005  1803865
"128"   1262208  1558441  1574507  1742135  851638  1803865
"256"   1563760  1945570  2050030  1970674  2538403  2240497  2719179
"512"   1696969  2143540  2675513  2913715  2890736  2755980  3477660  198777
"1024"   1997522  2561463  3026799  3329204  3500911  3124854  3296271  212971
153520
"2048"   2131077  2927678  3567351  3977703  4056949  3790541  4130089  224447
155817  133233
"4096"   2095742  2870925  3457975  3872640  4126601  3955170  3999404  227997
157327  135593  124908
"8192"   2044313  2674781  3244123  3640426  3828650  3802338  3899937  231377
153233  133290  126926  123432
"16384"   1981058  2621692  3140247  3481169  3719856  3721509  3829900  129283
 138719  123814  87307  122982  124057
"32768"   0  0  0  0  3653466  3669123  3775534  99464  112073  95742  102664  1
01739  107706
"65536"   0  0  0  0  3617075  3641443  3752884  86856  80287  100928  100440  9
7684  96049
"131072"   0  0  0  0  3371549  3626329  3740885  50765  74596  75356  96494  97
572  97915
"262144"   0  0  0  0  3594325  3608840  3729970  52084  66933  78270  77605  92
705  95860
"524288"   0  0  0  0  3564174  3565284  3696680  49221  63283  76005  79105  90
332  93431
"1048576"   0  0  0  0  136373  103432  98927  46443  60679  71000  81390  87473
  90135

"Reader report"
        "4"  "8"  "16"  "32"  "64"  "128"  "256"  "512"  "1024"  "2048"  "4096"
 "8192"  "16384"
"64"   1431817  3014353  2386363  3818181  3882896
"128"   2000793  2793791  4127763  4203502  5587582  8484847
"256"   2687283  2975206  3834156  4651591  5390373  6640315  9256197
"512"   2527899  3296271  4395028  4699300  4913477  5536939  6276462  10014901

"1024"   2913715  3911904  4405593  4980236  5570598  5587582  5266457  6533786
 9906632
"2048"   2671613  3375187  4079525  4456479  4906899  4738790  4726568  5080324
 6223181  4564699
"4096"   2501162  3170808  3649033  4008150  4158200  4054705  3964796  4144097
 4353270  3061561  3077627
"8192"   2439773  3117214  3522358  3759922  3924469  3896310  3758958  3823657
 3948247  3078919  2862238  2914294
"16384"   2380938  3064440  3469841  3732166  3836414  3737875  3617521  3718677
  3739782  2997560  2699653  2598576  2642721
"32768"   0  0  0  0  3771407  3698626  3613732  3667861  3649941  2916541  2685
252  2788080  2787285
"65536"   0  0  0  0  3746710  3697984  3590007  3627927  3626974  2952551  2691
321  2674781  2675300
"131072"   0  0  0  0  3731098  3691845  3570990  3609395  3597853  2866277  268
5160  2689408  2660991
"262144"   0  0  0  0  3724936  3670658  3566551  3591698  3595703  2891386  274
8006  2751858  2718596
"524288"   0  0  0  0  3700675  3648097  3547305  3584364  3583461  2909347  272
8691  2749073  2719754
"1048576"   0  0  0  0  3640503  3577324  3518498  3564902  3566795  2924569  27
32404  2744205  2755189

"Re-Reader report"
        "4"  "8"  "16"  "32"  "64"  "128"  "256"  "512"  "1024"  "2048"  "4096"
 "8192"  "16384"
"64"   3471073  5327694  6942147  4165288  5090908
"128"   2192257  6028707  5950412  6942147  9545453  11175164
"256"   3802338  4019138  6688784  8038276  9350648  11175164  10413221
"512"   4001587  6150090  6088794  9163635  10472725  11383397  10413221  106553
89
"1024"   4072726  5647849  6713285  8504533  11007369  11786025  10563268  10812
548  10941653
"2048"   3995045  6048604  7457688  9186601  10413221  10702055  9129399  864493
8  7581083  4720481
"4096"   2623803  3401024  3904611  4262155  4398984  4043523  4259679  4418871
 4625178  3374411  3253842
"8192"   2471023  3163965  3587866  3900456  3958373  3987982  3830650  3941878
 4011989  3134876  2683348  2752875
"16384"   2427051  3116220  3511391  3752944  3854568  3809500  3716792  3763299
  3808758  2807835  2810526  2610722  2672100
"32768"   0  0  0  0  3796799  3734780  3627591  3674640  3609173  2779425  2572
361  2594896  2799659
"65536"   0  0  0  0  3765172  3718382  3594298  3639070  3641160  2946580  2708
442  2773084  2772133
"131072"   0  0  0  0  3749735  3698159  3578152  3614038  3610979  2940836  275
2068  2756369  2764619
"262144"   0  0  0  0  3731602  3676757  3569414  3596461  3594022  2927532  274
9504  2751108  2759351
"524288"   0  0  0  0  3698903  3645758  3547841  3585878  3581491  2926263  274
5449  2748255  2755644
"1048576"   0  0  0  0  3640793  3580972  3523062  3567738  3568756  2921296  27
38195  2748604  2753344

C:\ldnbenchmark\disk\iozone>echo 16:29:22.92
16:29:22.92

C:\ldnbenchmark\disk\iozone>cd ..

C:\ldnbenchmark\disk>echo y   | del temp\*.*
C:\ldnbenchmark\disk\temp\*.*, Are you sure (Y/N)? y

C:\ldnbenchmark\disk>echo Run-2 for all benchmarks...
Run-2 for all benchmarks...

C:\ldnbenchmark\disk>rem tar

C:\ldnbenchmark\disk>echo Running tar benchmark...
Running tar benchmark...

C:\ldnbenchmark\disk>echo 16:29:23.28
16:29:23.28

C:\ldnbenchmark\disk>cd tar

C:\ldnbenchmark\disk\tar>tar -cf win.tar c:\windows
tar: Removing leading `c:\' from member names
cygwin warning:
  MS-DOS style path detected: c:\windows
  Preferred POSIX equivalent is: /cygdrive/c/windows
  CYGWIN environment variable option "nodosfilewarning" turns off this warning.
  Consult the user's guide for more details about POSIX paths:
    http://cygwin.com/cygwin-ug-net/using.html#using-pathnames
tar: c\:\\windows/system32/config/system.LOG: Cannot open: Device or resource bu
sy
tar: c\:\\windows/system32/config/software.LOG: Cannot open: Device or resource
busy
tar: c\:\\windows/system32/config/default.LOG: Cannot open: Device or resource b
usy
tar: c\:\\windows/system32/config/SECURITY: Cannot open: Device or resource busy

tar: c\:\\windows/system32/config/SAM: Cannot open: Device or resource busy
tar: c\:\\windows/system32/config/SECURITY.LOG: Cannot open: Device or resource
busy
tar: c\:\\windows/system32/config/SAM.LOG: Cannot open: Device or resource busy
tar: c\:\\windows/system32/config/SOFTWARE: Cannot open: Device or resource busy

tar: c\:\\windows/system32/config/DEFAULT: Cannot open: Device or resource busy
tar: c\:\\windows/system32/config/SYSTEM: Cannot open: Device or resource busy
tar: Exiting with failure status due to previous errors

C:\ldnbenchmark\disk\tar>echo 16:30:21.43
16:30:21.43

C:\ldnbenchmark\disk\tar>del win.tar

C:\ldnbenchmark\disk\tar>cd ..

C:\ldnbenchmark\disk>rem bonnie

C:\ldnbenchmark\disk>echo Running bonnie benchmark...
Running bonnie benchmark...

C:\ldnbenchmark\disk>echo y   | del temp\*.*
C:\ldnbenchmark\disk\temp\*.*, Are you sure (Y/N)? y

C:\ldnbenchmark\disk>echo 16:30:21.92
16:30:21.92

C:\ldnbenchmark\disk>cd bonnie

C:\ldnbenchmark\disk\bonnie>bonnie++ -d ..\temp\. -u 0 -s 1024 -r 512
cygwin warning:
  MS-DOS style path detected: ..\temp\.
  Preferred POSIX equivalent is: ../temp/.
  CYGWIN environment variable option "nodosfilewarning" turns off this warning.
  Consult the user's guide for more details about POSIX paths:
    http://cygwin.com/cygwin-ug-net/using.html#using-pathnames
Using uid:0, gid:0.
Writing with putc()...done
Writing intelligently...done
Rewriting...done
Reading with getc()...done
Reading intelligently...done
start 'em...done...done...done...
Create files in sequential order...done.
Stat files in sequential order...done.
Delete files in sequential order...done.
Create files in random order...done.
Stat files in random order...done.
Delete files in random order...done.
Version 1.03e       ------Sequential Output------ --Sequential Input- --Random-
                    -Per Chr- --Block-- -Rewrite- -Per Chr- --Block-- --Seeks--
Machine        Size K/sec %CP K/sec %CP K/sec %CP K/sec %CP K/sec %CP  /sec %CP
vtdemolaptop     1G  6591  99 203963  12 63731   9  4324  99 +++++ +++ +++++ +++

                    ------Sequential Create------ --------Random Create--------
                    -Create-- --Read--- -Delete-- -Create-- --Read--- -Delete--
              files  /sec %CP  /sec %CP  /sec %CP  /sec %CP  /sec %CP  /sec %CP
                 16   172  99  1148  99  3956  98   193  99  1152  99  1756 100
vtdemolaptop,1G,6591,99,203963,12,63731,9,4324,99,+++++,+++,+++++,+++,16,172,99,
1148,99,3956,98,193,99,1152,99,1756,100

C:\ldnbenchmark\disk\bonnie>echo 16:41:13.21
16:41:13.21

C:\ldnbenchmark\disk\bonnie>cd ..

C:\ldnbenchmark\disk>echo y   | del temp\*.*
C:\ldnbenchmark\disk\temp\*.*, Are you sure (Y/N)? y

C:\ldnbenchmark\disk>rem postmark

C:\ldnbenchmark\disk>echo Running postmark benchmark...
Running postmark benchmark...

C:\ldnbenchmark\disk>echo y   | del temp\*.*
C:\ldnbenchmark\disk\temp\*.*, Are you sure (Y/N)? y

C:\ldnbenchmark\disk>echo 16:41:13.25
16:41:13.25

C:\ldnbenchmark\disk>cd postmark

C:\ldnbenchmark\disk\postmark>postmark_151  0<pbench.pm
PostMark v1.51 : 8/14/01
pm>pm>pm>pm>Creating files...Done
Performing transactions..........Done
Deleting files...Done
Time:
        42 seconds total
        19 seconds of transactions (0 per second)

Files:
        45093 created (1073 per second)
                Creation alone: 20000 files (3333 per second)
                Mixed with transactions: 25093 files (1320 per second)
        24789 read (1304 per second)
        25184 appended (1325 per second)
        45093 deleted (1073 per second)
                Deletion alone: 20186 files (1187 per second)
                Mixed with transactions: 24907 files (1310 per second)

Data:
        144.06 megabytes read (3.43 megabytes per second)
        271.87 megabytes written (6.47 megabytes per second)
pm>
C:\ldnbenchmark\disk\postmark>echo 16:42:00.12
16:42:00.12

C:\ldnbenchmark\disk\postmark>cd ..

C:\ldnbenchmark\disk>echo y   | del temp\*.*
C:\ldnbenchmark\disk\temp\*.*, Are you sure (Y/N)? y

C:\ldnbenchmark\disk>rem iozone

C:\ldnbenchmark\disk>echo Running iozone benchmark...
Running iozone benchmark...

C:\ldnbenchmark\disk>echo y   | del temp\*.*
C:\ldnbenchmark\disk\temp\*.*, Are you sure (Y/N)? y

C:\ldnbenchmark\disk>echo 16:42:04.18
16:42:04.18

C:\ldnbenchmark\disk>cd iozone

C:\ldnbenchmark\disk\iozone>iozone -Ra -g 1G -i 0 -i 1
        Iozone: Performance Test of File I/O
                Version $Revision: 3.353 $
                Compiled for 32 bit mode.
                Build: Windows

        Contributors:William Norcott, Don Capps, Isom Crawford, Kirby Collins
                     Al Slater, Scott Rhine, Mike Wisner, Ken Goss
                     Steve Landherr, Brad Smith, Mark Kelly, Dr. Alain CYR,
                     Randy Dunlap, Mark Montague, Dan Million, Gavin Brebner,
                     Jean-Marc Zucconi, Jeff Blomberg, Benny Halevy, Dave Boone,

                     Erik Habbinga, Kris Strecker, Walter Wong, Joshua Root,
                     Fabrice Bacchella, Zhenghua Xue, Qin Li.

        Run began: Wed Nov 10 16:42:06 2010

        Excel chart generation enabled
        Auto Mode
        Using maximum file size of 1048576 kilobytes.
        Command line used: iozone -Ra -g 1G -i 0 -i 1
        Output is in Kbytes/sec
        Time Resolution = 0.000002 seconds.
        Processor cache size set to 1024 Kbytes.
        Processor cache line size set to 32 bytes.
        File stride size set to 17 * record size.
                                                            random  random    bk
wd   record   stride
              KB  reclen   write rewrite    read    reread    read   write    re
ad  rewrite     read   fwrite frewrite   fread  freread
              64       4  711462 1018181  1497326  3524475

              64       8  698447 1272727  2975206  2828282

              64      16  669856 1347593  2603305  7159089

              64      32  938897 1422924  4491977  4405593

              64      64 1157024 1569115  7636362  8484847

             128       4 1006992 1251862  2000793  3444975

             128       8 1171820 1380065  2398857  4980236

             128      16 1234991 1320408  2679425  7048950

             128      32 1422924 2063881  4363635  6942147

             128      64 1320408 1789772  5799769  9545453

             128     128 1917078 1877794  8644938 10413221

             256       4 1371801 1534947  2785299  3106317

             256       8 1561096 1929186  3695014  5727271

             256      16 1709633 1909090  4146441  6640315

             256      32 1654085 2121211  4723523  7968378

             256      64 2068540 2490118  5912022  8983956

             256     128 2386363 2496903  6276462 11454543

             256     256 2994652 2719179  8896733  9960473

             512       4 1843789 1943506  2806626  3992869

             512       8 2218797 2346641  3531265  6088794

             512      16 2574054 2618181  4272090  7480518

             512      32 2618181 2859168  4926685  8853753

             512      64 2699156 2743603  5621862 10413221

             512     128 2279511 2923009  5781473 11673420

             512     256 2975206 3558693  6276462 10532913

             512     512  221290  221477  9853371 10780747

            1024       4 1837320 1965390  2920680  4090908

            1024       8 2419441 2568643  3672799  6408136

            1024      16 2741551 2937062  4432229  7848938

            1024      32 3209679 3195687  5076806  9545453

            1024      64 3235175 3409724  5553718 10941653

            1024     128 3572567 3425658  5596113 11824045

            1024     256 3740259 4252266  5454544  8940131

            1024     512  226164  229133  6352606 10844538

            1024    1024  157810  155764  9748548 10909089

            2048       4 2042035 2087388  2707130  3988524

            2048       8 2738478 2957203  3532967  6144935

            2048      16 3240896 3495902  4045755  7360349

            2048      32 3623780 3982025  4613535  9095419

            2048      64 3920271 4111558  4813465 10083780

            2048     128 3790541 4027971  4807152 10369035

            2048     256 3816193 4167656  4654544  9350648

            2048     512  232564  233810  5119349  8706541

            2048    1024  158588  161320  6170798  7604676

            2048    2048  136714  140765  4467341  4547709

            4096       4 2037778 2103862  2488005  2600073

            4096       8 2697170 2869239  3195687  3412105

            4096      16 3240896 3401024  3675561  3894240

            4096      32 3629162 3877761  3909817  4258442

            4096      64 3869574 4070465  4172400  4397665

            4096     128 3806286 3999404  4113865  4383203

            4096     256 3748866 4032402  4013637  4184308

            4096     512  227293  226112  4092050  4426876

            4096    1024  155834  159713  4396346  4667881

            4096    2048  137846  137433  3280782  3369757

            4096    4096  126508  130666  3079566  3264710

            8192       4 1924628 2034244  2419641  2481058

            8192       8 2559004 2699901  3111590  3165331

            8192      16 3093862 3189431  3524898  3596667

            8192      32 3416080 3628264  3816193  3878274

            8192      64 3614400 3841188  3884439  3982565

            8192     128 3608174 3814208  3863965  3940289

            8192     256 3704349 3889075  3753665  3790052

            8192     512  219654  220720  3848750  3922893

            8192    1024  156681  152825  3944529  4069335

            8192    2048  136751  134944  3078273  2989157

            8192    4096  124698  125598  2845573  2686298

            8192    8192  126344  123244  2915163  2750293

           16384       4 1890932 1990201  2380648  2434809

           16384       8 2489167 2625918  3057889  3101552

           16384      16 2891876 3143951  3479723  3498196

           16384      32 3252760 3511602  3731454  3764024

           16384      64 3488209 3219900  3785404  3855329

           16384     128 3412105 3709973  3751984  3787115

           16384     256 3557829 3704817  3671649  3714438

           16384     512  117578   84506  3648125  3768620

           16384    1024  130205  139308  3751984  3817187

           16384    2048  130680  122513  2982317  3021497

           16384    4096   85322  126181  2807432  2809315

           16384    8192  126063  124338  2597655  2798991

           16384   16384   73075   76903  2632401  2664936

           32768      64 3407644 3656085  3781011  3824031

           32768     128 3409922 3660192  3739663  3744796

           32768     256 3484893 3766683  3604515  3645744

           32768     512  110823   92287  3642687  3667058

           32768    1024  112952   66478  3668205  3703531

           32768    2048  107678  107673  2852007  2768469

           32768    4096  102918  108551  2778306  2572643

           32768    8192   97492  108223  2568924  2593864

           32768   16384  102110  107746  2781336  2795389

           65536      64 3354291 3613175  3745693  3774805

           65536     128 3380099 3619252  3713850  3730682

           65536     256 3467379 3760344  3587372  3598322

           65536     512  100168   66744  3620033  3631240

           65536    1024   60695   70875  3628937  3637885

           65536    2048  100926   88438  2840714  2927496

           65536    4096  103066  100431  2760455  2768535

           65536    8192  101440  100167  2626359  2773805

           65536   16384   92657   98452  2774888  2769025

          131072      64 3366493 3569088  3746202  3754265

          131072     128 3361380 3628713  3691786  3701953

          131072     256 3521961 3741362  3570799  3575698

          131072     512   52640   53517  3601665  3576734

          131072    1024   74247   62070  3600835  3610006

          131072    2048   79532   77567  2925816  2936823

          131072    4096   82783   95050  2614752  2746864

          131072    8192   96971   97031  2611725  2746365

          131072   16384   85465   74528  2657525  2768976

          262144      64 3154138 3588772  3721391  3722025

          262144     128 2287440 3604169  3666599  3672210

          262144     256 1740220 3704218  3532369  3558679

          262144     512   53098   51716  3587907  3590378

          262144    1024   65835   63060  3583057  3583030

          262144    2048   76388   78872  2887640  2923155

          262144    4096   83659   86404  2711393  2745473

          262144    8192   92210   86121  2714397  2749181

          262144   16384   88304   88769  2759092  2757916

          524288      64 2488916 3555356  3684661  3692941

          524288     128 3128474 3568328  3629618  3623122

          524288     256 3437454 3693428  3543574  3545556

          524288     512   49567   46104  3573383  3569903

          524288    1024   61536   61475  3563240  3575814

          524288    2048   75098   75639  2921439  2921312

          524288    4096   83161   83491  2704255  2739026

          524288    8192   88801   85658  2725541  2746329

          524288   16384   92773   93293  2729227  2755264

         1048576      64  216440  106052  3632671  3633015

         1048576     128  103025  102103  3564760  3572200

         1048576     256  106788   96759  3516135  3513705

         1048576     512   46772   46853  3561593  3564228

         1048576    1024   61390   61270  3562432  3561506

         1048576    2048   74275   75749  2906995  2914883

         1048576    4096   80404   79421  2728586  2737745

         1048576    8192   87408   86738  2734813  2742919

         1048576   16384   89519   90523  2747236  2750045


iozone test complete.
Excel output is below:

"Writer report"
        "4"  "8"  "16"  "32"  "64"  "128"  "256"  "512"  "1024"  "2048"  "4096"
 "8192"  "16384"
"64"   711462  698447  669856  938897  1157024
"128"   1006992  1171820  1234991  1422924  1320408  1917078
"256"   1371801  1561096  1709633  1654085  2068540  2386363  2994652
"512"   1843789  2218797  2574054  2618181  2699156  2279511  2975206  221290
"1024"   1837320  2419441  2741551  3209679  3235175  3572567  3740259  226164
157810
"2048"   2042035  2738478  3240896  3623780  3920271  3790541  3816193  232564
158588  136714
"4096"   2037778  2697170  3240896  3629162  3869574  3806286  3748866  227293
155834  137846  126508
"8192"   1924628  2559004  3093862  3416080  3614400  3608174  3704349  219654
156681  136751  124698  126344
"16384"   1890932  2489167  2891876  3252760  3488209  3412105  3557829  117578
 130205  130680  85322  126063  73075
"32768"   0  0  0  0  3407644  3409922  3484893  110823  112952  107678  102918
 97492  102110
"65536"   0  0  0  0  3354291  3380099  3467379  100168  60695  100926  103066
101440  92657
"131072"   0  0  0  0  3366493  3361380  3521961  52640  74247  79532  82783  96
971  85465
"262144"   0  0  0  0  3154138  2287440  1740220  53098  65835  76388  83659  92
210  88304
"524288"   0  0  0  0  2488916  3128474  3437454  49567  61536  75098  83161  88
801  92773
"1048576"   0  0  0  0  216440  103025  106788  46772  61390  74275  80404  8740
8  89519

"Re-writer report"
        "4"  "8"  "16"  "32"  "64"  "128"  "256"  "512"  "1024"  "2048"  "4096"
 "8192"  "16384"
"64"   1018181  1272727  1347593  1422924  1569115
"128"   1251862  1380065  1320408  2063881  1789772  1877794
"256"   1534947  1929186  1909090  2121211  2490118  2496903  2719179
"512"   1943506  2346641  2618181  2859168  2743603  2923009  3558693  221477
"1024"   1965390  2568643  2937062  3195687  3409724  3425658  4252266  229133
155764
"2048"   2087388  2957203  3495902  3982025  4111558  4027971  4167656  233810
161320  140765
"4096"   2103862  2869239  3401024  3877761  4070465  3999404  4032402  226112
159713  137433  130666
"8192"   2034244  2699901  3189431  3628264  3841188  3814208  3889075  220720
152825  134944  125598  123244
"16384"   1990201  2625918  3143951  3511602  3219900  3709973  3704817  84506
139308  122513  126181  124338  76903
"32768"   0  0  0  0  3656085  3660192  3766683  92287  66478  107673  108551  1
08223  107746
"65536"   0  0  0  0  3613175  3619252  3760344  66744  70875  88438  100431  10
0167  98452
"131072"   0  0  0  0  3569088  3628713  3741362  53517  62070  77567  95050  97
031  74528
"262144"   0  0  0  0  3588772  3604169  3704218  51716  63060  78872  86404  86
121  88769
"524288"   0  0  0  0  3555356  3568328  3693428  46104  61475  75639  83491  85
658  93293
"1048576"   0  0  0  0  106052  102103  96759  46853  61270  75749  79421  86738
  90523

"Reader report"
        "4"  "8"  "16"  "32"  "64"  "128"  "256"  "512"  "1024"  "2048"  "4096"
 "8192"  "16384"
"64"   1497326  2975206  2603305  4491977  7636362
"128"   2000793  2398857  2679425  4363635  5799769  8644938
"256"   2785299  3695014  4146441  4723523  5912022  6276462  8896733
"512"   2806626  3531265  4272090  4926685  5621862  5781473  6276462  9853371
"1024"   2920680  3672799  4432229  5076806  5553718  5596113  5454544  6352606
 9748548
"2048"   2707130  3532967  4045755  4613535  4813465  4807152  4654544  5119349
 6170798  4467341
"4096"   2488005  3195687  3675561  3909817  4172400  4113865  4013637  4092050
 4396346  3280782  3079566
"8192"   2419641  3111590  3524898  3816193  3884439  3863965  3753665  3848750
 3944529  3078273  2845573  2915163
"16384"   2380648  3057889  3479723  3731454  3785404  3751984  3671649  3648125
  3751984  2982317  2807432  2597655  2632401
"32768"   0  0  0  0  3781011  3739663  3604515  3642687  3668205  2852007  2778
306  2568924  2781336
"65536"   0  0  0  0  3745693  3713850  3587372  3620033  3628937  2840714  2760
455  2626359  2774888
"131072"   0  0  0  0  3746202  3691786  3570799  3601665  3600835  2925816  261
4752  2611725  2657525
"262144"   0  0  0  0  3721391  3666599  3532369  3587907  3583057  2887640  271
1393  2714397  2759092
"524288"   0  0  0  0  3684661  3629618  3543574  3573383  3563240  2921439  270
4255  2725541  2729227
"1048576"   0  0  0  0  3632671  3564760  3516135  3561593  3562432  2906995  27
28586  2734813  2747236

"Re-Reader report"
        "4"  "8"  "16"  "32"  "64"  "128"  "256"  "512"  "1024"  "2048"  "4096"
 "8192"  "16384"
"64"   3524475  2828282  7159089  4405593  8484847
"128"   3444975  4980236  7048950  6942147  9545453  10413221
"256"   3106317  5727271  6640315  7968378  8983956  11454543  9960473
"512"   3992869  6088794  7480518  8853753  10413221  11673420  10532913  107807
47
"1024"   4090908  6408136  7848938  9545453  10941653  11824045  8940131  108445
38  10909089
"2048"   3988524  6144935  7360349  9095419  10083780  10369035  9350648  870654
1  7604676  4547709
"4096"   2600073  3412105  3894240  4258442  4397665  4383203  4184308  4426876
 4667881  3369757  3264710
"8192"   2481058  3165331  3596667  3878274  3982565  3940289  3790052  3922893
 4069335  2989157  2686298  2750293
"16384"   2434809  3101552  3498196  3764024  3855329  3787115  3714438  3768620
  3817187  3021497  2809315  2798991  2664936
"32768"   0  0  0  0  3824031  3744796  3645744  3667058  3703531  2768469  2572
643  2593864  2795389
"65536"   0  0  0  0  3774805  3730682  3598322  3631240  3637885  2927496  2768
535  2773805  2769025
"131072"   0  0  0  0  3754265  3701953  3575698  3576734  3610006  2936823  274
6864  2746365  2768976
"262144"   0  0  0  0  3722025  3672210  3558679  3590378  3583030  2923155  274
5473  2749181  2757916
"524288"   0  0  0  0  3692941  3623122  3545556  3569903  3575814  2921312  273
9026  2746329  2755264
"1048576"   0  0  0  0  3633015  3572200  3513705  3564228  3561506  2914883  27
37745  2742919  2750045

C:\ldnbenchmark\disk\iozone>echo 16:51:18.45
16:51:18.45

C:\ldnbenchmark\disk\iozone>cd ..

C:\ldnbenchmark\disk>echo y   | del temp\*.*
C:\ldnbenchmark\disk\temp\*.*, Are you sure (Y/N)? y
C:\ldnbenchmark\disk>